// Jest Snapshot v1, https://goo.gl/fbAQLP

exports[`Utils generateReportContent Should render template with deps.dev as renderTool 1`] = `
"# OpenSSF Scorecard Report

## Summary

| Repository | Commit | Score | Date | Score Delta | Report | StepSecurity |
| -- | -- | -- | -- | -- | -- | -- |
| [fake-org/fake-repo](https://github.com/fake-org/fake-repo) | [846b3dd](https://github.com/fake-org/fake-repo/commit/846b3ddb5f75d95235e94d9eb52e920f4a067338) |  [![OpenSSF Scorecard](https://api.securityscorecards.dev/projects/github.com/fake-org/fake-repo/badge)](https://api.securityscorecards.dev/projects/github.com/fake-org/fake-repo) | 2023-02-20 | 5 / [Details](https://deps.dev/project/github/fake-org%2Ffake-repo) | [View](https://deps.dev/project/github/fake-org%2Ffake-repo) | [Fix it](https://app.stepsecurity.io/securerepo?repo=fake-org/fake-repo) |

_Report generated by [OpenSSF Scorecard Monitor](https://github.com/ossf/scorecard-monitor)._
"
`;

exports[`Utils generateReportContent Should render template with scorecard-visualizer as renderTool 1`] = `
"# OpenSSF Scorecard Report

## Summary

| Repository | Commit | Score | Date | Score Delta | Report | StepSecurity |
| -- | -- | -- | -- | -- | -- | -- |
| [fake-org/fake-repo](https://github.com/fake-org/fake-repo) | [846b3dd](https://github.com/fake-org/fake-repo/commit/846b3ddb5f75d95235e94d9eb52e920f4a067338) |  [![OpenSSF Scorecard](https://api.securityscorecards.dev/projects/github.com/fake-org/fake-repo/badge)](https://api.securityscorecards.dev/projects/github.com/fake-org/fake-repo) | 2023-02-20 | 5 / [Details](https://ossf.github.io/scorecard-visualizer/#/projects/github.com/fake-org/fake-repo/compare/39a08ee8b8d3818677eb823cb566f36b1b1c4671/846b3ddb5f75d95235e94d9eb52e920f4a067338) | [View](https://ossf.github.io/scorecard-visualizer/#/projects/github.com/fake-org/fake-repo/commit/846b3ddb5f75d95235e94d9eb52e920f4a067338) | [Fix it](https://app.stepsecurity.io/securerepo?repo=fake-org/fake-repo) |

_Report generated by [OpenSSF Scorecard Monitor](https://github.com/ossf/scorecard-monitor)._
"
`;

exports[`Utils generateReportContent Should render template with scores and title 1`] = `
"# OpenSSF Scorecard Report

## Summary

| Repository | Commit | Score | Date | Score Delta | Report | StepSecurity |
| -- | -- | -- | -- | -- | -- | -- |
| [fake-org/fake-repo](https://github.com/fake-org/fake-repo) | [846b3dd](https://github.com/fake-org/fake-repo/commit/846b3ddb5f75d95235e94d9eb52e920f4a067338) | 10 | 2023-02-20 | 5 / [Details](https://ossf.github.io/scorecard-visualizer/#/projects/github.com/fake-org/fake-repo/compare/39a08ee8b8d3818677eb823cb566f36b1b1c4671/846b3ddb5f75d95235e94d9eb52e920f4a067338) | [View](https://ossf.github.io/scorecard-visualizer/#/projects/github.com/fake-org/fake-repo/commit/846b3ddb5f75d95235e94d9eb52e920f4a067338) | [Fix it](https://app.stepsecurity.io/securerepo?repo=fake-org/fake-repo) |

_Report generated by [OpenSSF Scorecard Monitor](https://github.com/ossf/scorecard-monitor)._
"
`;

exports[`Utils generateReportContent Should render template with scores only 1`] = `
"# OpenSSF Scorecard Report

## Summary

| Repository | Commit | Score | Date | Score Delta | Report | StepSecurity |
| -- | -- | -- | -- | -- | -- | -- |
| [fake-org/fake-repo](https://github.com/fake-org/fake-repo) | [846b3dd](https://github.com/fake-org/fake-repo/commit/846b3ddb5f75d95235e94d9eb52e920f4a067338) |  [![OpenSSF Scorecard](https://api.securityscorecards.dev/projects/github.com/fake-org/fake-repo/badge)](https://api.securityscorecards.dev/projects/github.com/fake-org/fake-repo) | 2023-02-20 | 5 / [Details](https://ossf.github.io/scorecard-visualizer/#/projects/github.com/fake-org/fake-repo/compare/39a08ee8b8d3818677eb823cb566f36b1b1c4671/846b3ddb5f75d95235e94d9eb52e920f4a067338) | [View](https://ossf.github.io/scorecard-visualizer/#/projects/github.com/fake-org/fake-repo/commit/846b3ddb5f75d95235e94d9eb52e920f4a067338) | [Fix it](https://app.stepsecurity.io/securerepo?repo=fake-org/fake-repo) |

_Report generated by [OpenSSF Scorecard Monitor](https://github.com/ossf/scorecard-monitor)._
"
`;

exports[`Utils generateReportContent Should render template with title only 1`] = `
"# OpenSSF Scorecard Report

## Summary


_Report generated by [OpenSSF Scorecard Monitor](https://github.com/ossf/scorecard-monitor)._
"
`;
